OK 13WntKh00Fn7OOfQOCHPfvtN3wak6QZ8n 84.7MB
OK 1Sga-8v8rwPhyGSdYjJNGgwZ3KDhpDPWy 26.0MB
OK 1UaLiZAGLI-o7PMZMG7lMreUoryV8eZbz 10.8MB
OK 1Y4t4A9DQDcTWbTUfnK4MfnBEcw6O50Ky 313.4MB
OK 1YAevsxfIuuobz7nKlSDGa7po3wDbUA4- 211.5MB
OK 1Z6-Ys1TyQEHqqsj5NKUD6LZNb4fK3_Yd 22.0MB
OK 1ZBtnHeKMsqT94XLvLGAvgXbCjtPc64QX 32.9MB
OK 1ZnxQDBuBBq8V1u3kPkQVMKiEs6rjEhzS 35.0MB
OK 1Zo_xMmgtx9aLsV2UigUWSxlwC89MQO1_ 323.3MB
OK 1aFhyq8LcrlHMV9JKa5UpCky4tuiXiu9g 23.4MB
OK 1awj0Q9-5ONN8Ue1Wn0vd-hvyrsGKqfnq 84.7MB
OK 1fERtsVxdkfM11ZDgFESlBnALZpk9Vyjw 741.5MB
OK 1h4x02ccl9QDDbHCIM2ztPT2a_e6Rmd4g 6.2MB
OK 1h_3eTYypeQWOWyzLWg_qtqKfVHn7WlKy 16.2MB
OK 1jJH6of1mzkzx6L_1NRxj1c8nRp0qemEC 6.1MB
OK 1kVTHfTi1TJpo83QKG2YKIHxEBclhqpDn 1.5MB
OK 1mM-8jJKeJ5zpzUCi6Wm2MZJkEUuWrHHq 57.5MB
OK 1nZekZwReKmrdPjwviTOH4bKKOXayY5Hl 24.0MB
OK 1n_QEF-CTsYpWOyWVWE1Z_fZYYeeNwPnO 1.1MB
OK 1oxzU3-8cw_NmTdzpb_JBh4-A7s_PBjzM 46.4MB
OK 1pCG97b-pC-FHIimkf4pTWzu4zRoEs9nM 2.3MB
OK 1ukNUKHpDF7Ueh4wNRkzgzm4JxEmiIqdX 12.4MB
OK 1yXoHqlrX12NEeLwnBbggR9w5iUVtVBeK 14.4MB
DONE ok=23 skipped=8 fail=[]
